// Jest Snapshot v1, https://goo.gl/fbAQLP

exports[`Button HeaderBar component renders correctly 1`] = `
<View
  accessible={true}
  focusable={false}
  onClick={[Function]}
  onResponderGrant={[Function]}
  onResponderMove={[Function]}
  onResponderRelease={[Function]}
  onResponderTerminate={[Function]}
  onResponderTerminationRequest={[Function]}
  onStartShouldSetResponder={[Function]}
  style={
    Object {
      "alignItems": "center",
      "alignSelf": "center",
      "backgroundColor": "#6D2077",
      "borderRadius": 7.5,
      "height": 87.5,
      "justifyContent": "center",
      "opacity": 1,
      "width": 657.5,
    }
  }
>
  <Text
    style={
      Array [
        Object {
          "color": "#FFFFFF",
          "fontFamily": "roboto-medium",
        },
        undefined,
        undefined,
      ]
    }
  >
    Incorrect Path
  </Text>
</View>
`;
